// Jest Snapshot v1, https://goo.gl/fbAQLP

exports[`AppDom just test create component. 1`] = `
Array [
  <div
    className="app_menu"
  >
    <ul>
      <li
        onClick={[Function]}
      >
        Menu 1
        : with count = [
        0
        ]
      </li>
      <li
        onClick={[Function]}
      >
        Menu 2
        : with count = [
        0
        ]
      </li>
    </ul>
  </div>,
  <div
    className="app_body"
  >
    <div
      className="dark"
    >
      <p
        className="content"
      >
        Hello React!
      </p>
    </div>
  </div>,
]
`;
